// Jest Snapshot v1, https://goo.gl/fbAQLP

exports[`renders filter by price correctly 1`] = `
<DocumentFragment>
  <div
    class="price"
  >
    <div
      class="price-label"
    >
      Filter By Price
    </div>
    <div
      class="price-range"
    >
      <span
        class="price-range--min"
      >
        1000
      </span>
      <span
        class="price-range--max"
      >
        12000
      </span>
    </div>
    <div>
      <input
        class="input-range"
        data-testid="input"
        max="12000"
        min="1000"
        type="range"
        value="12000"
      />
    </div>
    <div
      class="price-selected"
    >
      Price : 12000
    </div>
  </div>
</DocumentFragment>
`;
